[INFO] Scanning for projects...
[INFO] 
[INFO] -----------------< com.ft_transcendence:config-server >-----------------
[INFO] Building config-server 0.0.1-SNAPSHOT
[INFO]   from pom.xml
[INFO] --------------------------------[ jar ]---------------------------------
[INFO] 
[INFO] >>> spring-boot:4.0.6:run (default-cli) > test-compile @ config-server >>>
[INFO] 
[INFO] --- resources:3.3.1:resources (default-resources) @ config-server ---
[INFO] Copying 3 resources from src/main/resources to target/classes
[INFO] Copying 0 resource from src/main/resources to target/classes
[INFO] 
[INFO] --- compiler:3.14.1:compile (default-compile) @ config-server ---
[INFO] Nothing to compile - all classes are up to date.
[INFO] 
[INFO] --- resources:3.3.1:testResources (default-testResources) @ config-server ---
[INFO] skip non existing resourceDirectory /home/laxuard/1337/Microservices/config-server/src/test/resources
[INFO] 
[INFO] --- compiler:3.14.1:testCompile (default-testCompile) @ config-server ---
[INFO] Nothing to compile - all classes are up to date.
[INFO] 
[INFO] <<< spring-boot:4.0.6:run (default-cli) < test-compile @ config-server <<<
[INFO] 
[INFO] 
[INFO] --- spring-boot:4.0.6:run (default-cli) @ config-server ---
[INFO] Attaching agents: []

  .   ____          _            __ _ _
 /\\ / ___'_ __ _ _(_)_ __  __ _ \ \ \ \
( ( )\___ | '_ | '_| | '_ \/ _` | \ \ \ \
 \\/  ___)| |_)| | | | | || (_| |  ) ) ) )
  '  |____| .__|_| |_|_| |_\__, | / / / /
 =========|_|==============|___/=/_/_/_/

 :: Spring Boot ::                (v4.0.6)

2026-05-15T23:35:37.425+01:00  INFO 424870 --- [config-server] [           main] c.f.c.ConfigServerApplication            : Starting ConfigServerApplication using Java 25.0.3 with PID 424870 (/home/laxuard/1337/Microservices/config-server/target/classes started by laxuard in /home/laxuard/1337/Microservices/config-server)
2026-05-15T23:35:37.426+01:00  INFO 424870 --- [config-server] [           main] c.f.c.ConfigServerApplication            : The following 2 profiles are active: "native", "dev"
2026-05-15T23:35:38.106+01:00  INFO 424870 --- [config-server] [           main] o.s.cloud.context.scope.GenericScope     : BeanFactory id=c0cfc4d4-2798-3d97-a7a8-964b5ab0fc5c
2026-05-15T23:35:38.326+01:00  INFO 424870 --- [config-server] [           main] o.s.boot.tomcat.TomcatWebServer          : Tomcat initialized with port 8888 (https)
2026-05-15T23:35:38.337+01:00  INFO 424870 --- [config-server] [           main] o.apache.catalina.core.StandardService   : Starting service [Tomcat]
2026-05-15T23:35:38.338+01:00  INFO 424870 --- [config-server] [           main] o.apache.catalina.core.StandardEngine    : Starting Servlet engine: [Apache Tomcat/11.0.21]
2026-05-15T23:35:38.366+01:00  INFO 424870 --- [config-server] [           main] b.w.c.s.WebApplicationContextInitializer : Root WebApplicationContext: initialization completed in 903 ms
2026-05-15T23:35:38.570+01:00  INFO 424870 --- [config-server] [           main] r$InitializeUserDetailsManagerConfigurer : Global AuthenticationManager configured with UserDetailsService bean with name userDetailsService
2026-05-15T23:35:38.961+01:00  INFO 424870 --- [config-server] [           main] o.s.b.a.e.web.EndpointLinksResolver      : Exposing 1 endpoint beneath base path '/actuator'
2026-05-15T23:35:39.114+01:00  INFO 424870 --- [config-server] [           main] o.a.t.util.net.NioEndpoint.certificate   : Connector [https-jsse-nio-8888], TLS virtual host [_default_], certificate type [UNDEFINED] configured from keystore [Set directly - location unknown] using alias [config-server] with trust store [null]
2026-05-15T23:35:39.120+01:00  INFO 424870 --- [config-server] [           main] o.s.boot.tomcat.TomcatWebServer          : Tomcat started on port 8888 (https) with context path '/'
2026-05-15T23:35:39.128+01:00  INFO 424870 --- [config-server] [           main] c.f.c.ConfigServerApplication            : Started ConfigServerApplication in 2.003 seconds (process running for 2.308)
2026-05-15T23:35:41.090+01:00  INFO 424870 --- [config-server] [nio-8888-exec-5] o.a.c.c.C.[Tomcat].[localhost].[/]       : Initializing Spring DispatcherServlet 'dispatcherServlet'
2026-05-15T23:35:41.091+01:00  INFO 424870 --- [config-server] [nio-8888-exec-5] o.s.web.servlet.DispatcherServlet        : Initializing Servlet 'dispatcherServlet'
2026-05-15T23:35:41.092+01:00  INFO 424870 --- [config-server] [nio-8888-exec-5] o.s.web.servlet.DispatcherServlet        : Completed initialization in 1 ms
2026-05-15T23:35:41.145+01:00  INFO 424870 --- [config-server] [nio-8888-exec-5] o.s.c.c.s.e.NativeEnvironmentRepository  : Adding property source: Config resource 'file [/home/laxuard/1337/Microservices/config-repo/application.yaml]' via location 'file:/home/laxuard/1337/Microservices/config-repo/'
2026-05-15T23:35:44.365+01:00  INFO 424870 --- [config-server] [nio-8888-exec-4] o.s.c.c.s.e.NativeEnvironmentRepository  : Adding property source: Config resource 'file [/home/laxuard/1337/Microservices/config-repo/application-dev.yaml]' via location 'file:/home/laxuard/1337/Microservices/config-repo/'
2026-05-15T23:35:44.365+01:00  INFO 424870 --- [config-server] [nio-8888-exec-4] o.s.c.c.s.e.NativeEnvironmentRepository  : Adding property source: Config resource 'file [/home/laxuard/1337/Microservices/config-repo/eureka-server/eureka-server.yaml]' via location 'file:/home/laxuard/1337/Microservices/config-repo/eureka-server/'
2026-05-15T23:35:44.365+01:00  INFO 424870 --- [config-server] [nio-8888-exec-4] o.s.c.c.s.e.NativeEnvironmentRepository  : Adding property source: Config resource 'file [/home/laxuard/1337/Microservices/config-repo/application.yaml]' via location 'file:/home/laxuard/1337/Microservices/config-repo/'
2026-05-15T23:35:44.452+01:00  INFO 424870 --- [config-server] [io-8888-exec-10] o.s.c.c.s.e.NativeEnvironmentRepository  : Adding property source: Config resource 'file [/home/laxuard/1337/Microservices/config-repo/eureka-server/eureka-server.yaml]' via location 'file:/home/laxuard/1337/Microservices/config-repo/eureka-server/'
2026-05-15T23:35:44.452+01:00  INFO 424870 --- [config-server] [io-8888-exec-10] o.s.c.c.s.e.NativeEnvironmentRepository  : Adding property source: Config resource 'file [/home/laxuard/1337/Microservices/config-repo/application.yaml]' via location 'file:/home/laxuard/1337/Microservices/config-repo/'
2026-05-15T23:35:49.961+01:00  INFO 424870 --- [config-server] [nio-8888-exec-9] o.s.c.c.s.e.NativeEnvironmentRepository  : Adding property source: Config resource 'file [/home/laxuard/1337/Microservices/config-repo/gateway/gateway-dev.yaml]' via location 'file:/home/laxuard/1337/Microservices/config-repo/gateway/'
2026-05-15T23:35:49.962+01:00  INFO 424870 --- [config-server] [nio-8888-exec-9] o.s.c.c.s.e.NativeEnvironmentRepository  : Adding property source: Config resource 'file [/home/laxuard/1337/Microservices/config-repo/application-dev.yaml]' via location 'file:/home/laxuard/1337/Microservices/config-repo/'
2026-05-15T23:35:49.962+01:00  INFO 424870 --- [config-server] [nio-8888-exec-9] o.s.c.c.s.e.NativeEnvironmentRepository  : Adding property source: Config resource 'file [/home/laxuard/1337/Microservices/config-repo/gateway/gateway.yaml]' via location 'file:/home/laxuard/1337/Microservices/config-repo/gateway/'
2026-05-15T23:35:49.962+01:00  INFO 424870 --- [config-server] [nio-8888-exec-9] o.s.c.c.s.e.NativeEnvironmentRepository  : Adding property source: Config resource 'file [/home/laxuard/1337/Microservices/config-repo/application.yaml]' via location 'file:/home/laxuard/1337/Microservices/config-repo/'
2026-05-15T23:35:50.045+01:00  INFO 424870 --- [config-server] [nio-8888-exec-5] o.s.c.c.s.e.NativeEnvironmentRepository  : Adding property source: Config resource 'file [/home/laxuard/1337/Microservices/config-repo/gateway/gateway.yaml]' via location 'file:/home/laxuard/1337/Microservices/config-repo/gateway/'
2026-05-15T23:35:50.045+01:00  INFO 424870 --- [config-server] [nio-8888-exec-5] o.s.c.c.s.e.NativeEnvironmentRepository  : Adding property source: Config resource 'file [/home/laxuard/1337/Microservices/config-repo/application.yaml]' via location 'file:/home/laxuard/1337/Microservices/config-repo/'
2026-05-15T23:35:56.084+01:00  INFO 424870 --- [config-server] [nio-8888-exec-4] o.s.c.c.s.e.NativeEnvironmentRepository  : Adding property source: Config resource 'file [/home/laxuard/1337/Microservices/config-repo/auth-service/auth-service-dev.yaml]' via location 'file:/home/laxuard/1337/Microservices/config-repo/auth-service/'
2026-05-15T23:35:56.084+01:00  INFO 424870 --- [config-server] [nio-8888-exec-4] o.s.c.c.s.e.NativeEnvironmentRepository  : Adding property source: Config resource 'file [/home/laxuard/1337/Microservices/config-repo/application-dev.yaml]' via location 'file:/home/laxuard/1337/Microservices/config-repo/'
2026-05-15T23:35:56.084+01:00  INFO 424870 --- [config-server] [nio-8888-exec-4] o.s.c.c.s.e.NativeEnvironmentRepository  : Adding property source: Config resource 'file [/home/laxuard/1337/Microservices/config-repo/auth-service/auth-service.yaml]' via location 'file:/home/laxuard/1337/Microservices/config-repo/auth-service/'
2026-05-15T23:35:56.084+01:00  INFO 424870 --- [config-server] [nio-8888-exec-4] o.s.c.c.s.e.NativeEnvironmentRepository  : Adding property source: Config resource 'file [/home/laxuard/1337/Microservices/config-repo/application.yaml]' via location 'file:/home/laxuard/1337/Microservices/config-repo/'
2026-05-15T23:35:56.163+01:00  INFO 424870 --- [config-server] [io-8888-exec-10] o.s.c.c.s.e.NativeEnvironmentRepository  : Adding property source: Config resource 'file [/home/laxuard/1337/Microservices/config-repo/auth-service/auth-service.yaml]' via location 'file:/home/laxuard/1337/Microservices/config-repo/auth-service/'
2026-05-15T23:35:56.163+01:00  INFO 424870 --- [config-server] [io-8888-exec-10] o.s.c.c.s.e.NativeEnvironmentRepository  : Adding property source: Config resource 'file [/home/laxuard/1337/Microservices/config-repo/application.yaml]' via location 'file:/home/laxuard/1337/Microservices/config-repo/'
2026-05-15T23:38:49.782+01:00  INFO 424870 --- [config-server] [ionShutdownHook] o.s.boot.tomcat.GracefulShutdown         : Commencing graceful shutdown. Waiting for active requests to complete
2026-05-15T23:38:49.788+01:00  INFO 424870 --- [config-server] [tomcat-shutdown] o.s.boot.tomcat.GracefulShutdown         : Graceful shutdown complete
[INFO] Scanning for projects...
[INFO] 
[INFO] -----------------< com.ft_transcendence:config-server >-----------------
[INFO] Building config-server 0.0.1-SNAPSHOT
[INFO]   from pom.xml
[INFO] --------------------------------[ jar ]---------------------------------
[INFO] 
[INFO] >>> spring-boot:4.0.6:run (default-cli) > test-compile @ config-server >>>
[INFO] 
[INFO] --- resources:3.3.1:resources (default-resources) @ config-server ---
[INFO] Copying 3 resources from src/main/resources to target/classes
[INFO] Copying 0 resource from src/main/resources to target/classes
[INFO] 
[INFO] --- compiler:3.14.1:compile (default-compile) @ config-server ---
[INFO] Nothing to compile - all classes are up to date.
[INFO] 
[INFO] --- resources:3.3.1:testResources (default-testResources) @ config-server ---
[INFO] skip non existing resourceDirectory /home/laxuard/1337/Microservices/config-server/src/test/resources
[INFO] 
[INFO] --- compiler:3.14.1:testCompile (default-testCompile) @ config-server ---
[INFO] Nothing to compile - all classes are up to date.
[INFO] 
[INFO] <<< spring-boot:4.0.6:run (default-cli) < test-compile @ config-server <<<
[INFO] 
[INFO] 
[INFO] --- spring-boot:4.0.6:run (default-cli) @ config-server ---
[INFO] Attaching agents: []

  .   ____          _            __ _ _
 /\\ / ___'_ __ _ _(_)_ __  __ _ \ \ \ \
( ( )\___ | '_ | '_| | '_ \/ _` | \ \ \ \
 \\/  ___)| |_)| | | | | || (_| |  ) ) ) )
  '  |____| .__|_| |_|_| |_\__, | / / / /
 =========|_|==============|___/=/_/_/_/

 :: Spring Boot ::                (v4.0.6)

2026-05-15T23:38:57.261+01:00  INFO 429485 --- [config-server] [           main] c.f.c.ConfigServerApplication            : Starting ConfigServerApplication using Java 25.0.3 with PID 429485 (/home/laxuard/1337/Microservices/config-server/target/classes started by laxuard in /home/laxuard/1337/Microservices/config-server)
2026-05-15T23:38:57.263+01:00  INFO 429485 --- [config-server] [           main] c.f.c.ConfigServerApplication            : The following 2 profiles are active: "native", "dev"
2026-05-15T23:38:57.824+01:00  INFO 429485 --- [config-server] [           main] o.s.cloud.context.scope.GenericScope     : BeanFactory id=c0cfc4d4-2798-3d97-a7a8-964b5ab0fc5c
2026-05-15T23:38:58.029+01:00  INFO 429485 --- [config-server] [           main] o.s.boot.tomcat.TomcatWebServer          : Tomcat initialized with port 8888 (https)
2026-05-15T23:38:58.038+01:00  INFO 429485 --- [config-server] [           main] o.apache.catalina.core.StandardService   : Starting service [Tomcat]
2026-05-15T23:38:58.038+01:00  INFO 429485 --- [config-server] [           main] o.apache.catalina.core.StandardEngine    : Starting Servlet engine: [Apache Tomcat/11.0.21]
2026-05-15T23:38:58.062+01:00  INFO 429485 --- [config-server] [           main] b.w.c.s.WebApplicationContextInitializer : Root WebApplicationContext: initialization completed in 775 ms
2026-05-15T23:38:58.230+01:00  INFO 429485 --- [config-server] [           main] r$InitializeUserDetailsManagerConfigurer : Global AuthenticationManager configured with UserDetailsService bean with name userDetailsService
2026-05-15T23:38:58.591+01:00  INFO 429485 --- [config-server] [           main] o.s.b.a.e.web.EndpointLinksResolver      : Exposing 1 endpoint beneath base path '/actuator'
2026-05-15T23:38:58.713+01:00  INFO 429485 --- [config-server] [           main] o.a.t.util.net.NioEndpoint.certificate   : Connector [https-jsse-nio-8888], TLS virtual host [_default_], certificate type [UNDEFINED] configured from keystore [Set directly - location unknown] using alias [config-server] with trust store [null]
2026-05-15T23:38:58.719+01:00  INFO 429485 --- [config-server] [           main] o.s.boot.tomcat.TomcatWebServer          : Tomcat started on port 8888 (https) with context path '/'
2026-05-15T23:38:58.728+01:00  INFO 429485 --- [config-server] [           main] c.f.c.ConfigServerApplication            : Started ConfigServerApplication in 1.722 seconds (process running for 1.985)
2026-05-15T23:40:36.743+01:00  INFO 429485 --- [config-server] [ionShutdownHook] o.s.boot.tomcat.GracefulShutdown         : Commencing graceful shutdown. Waiting for active requests to complete
2026-05-15T23:40:36.745+01:00  INFO 429485 --- [config-server] [tomcat-shutdown] o.s.boot.tomcat.GracefulShutdown         : Graceful shutdown complete
[INFO] Scanning for projects...
[INFO] 
[INFO] -----------------< com.ft_transcendence:config-server >-----------------
[INFO] Building config-server 0.0.1-SNAPSHOT
[INFO]   from pom.xml
[INFO] --------------------------------[ jar ]---------------------------------
[INFO] 
[INFO] >>> spring-boot:4.0.6:run (default-cli) > test-compile @ config-server >>>
[INFO] 
[INFO] --- resources:3.3.1:resources (default-resources) @ config-server ---
[INFO] Copying 3 resources from src/main/resources to target/classes
[INFO] Copying 0 resource from src/main/resources to target/classes
[INFO] 
[INFO] --- compiler:3.14.1:compile (default-compile) @ config-server ---
[INFO] Nothing to compile - all classes are up to date.
[INFO] 
[INFO] --- resources:3.3.1:testResources (default-testResources) @ config-server ---
[INFO] skip non existing resourceDirectory /home/laxuard/1337/Microservices/config-server/src/test/resources
[INFO] 
[INFO] --- compiler:3.14.1:testCompile (default-testCompile) @ config-server ---
[INFO] Nothing to compile - all classes are up to date.
[INFO] 
[INFO] <<< spring-boot:4.0.6:run (default-cli) < test-compile @ config-server <<<
[INFO] 
[INFO] 
[INFO] --- spring-boot:4.0.6:run (default-cli) @ config-server ---
[INFO] Attaching agents: []

  .   ____          _            __ _ _
 /\\ / ___'_ __ _ _(_)_ __  __ _ \ \ \ \
( ( )\___ | '_ | '_| | '_ \/ _` | \ \ \ \
 \\/  ___)| |_)| | | | | || (_| |  ) ) ) )
  '  |____| .__|_| |_|_| |_\__, | / / / /
 =========|_|==============|___/=/_/_/_/

 :: Spring Boot ::                (v4.0.6)

2026-05-15T23:40:48.067+01:00  INFO 432229 --- [config-server] [           main] c.f.c.ConfigServerApplication            : Starting ConfigServerApplication using Java 25.0.3 with PID 432229 (/home/laxuard/1337/Microservices/config-server/target/classes started by laxuard in /home/laxuard/1337/Microservices/config-server)
2026-05-15T23:40:48.068+01:00  INFO 432229 --- [config-server] [           main] c.f.c.ConfigServerApplication            : The following 2 profiles are active: "native", "dev"
2026-05-15T23:40:48.645+01:00  INFO 432229 --- [config-server] [           main] o.s.cloud.context.scope.GenericScope     : BeanFactory id=c0cfc4d4-2798-3d97-a7a8-964b5ab0fc5c
2026-05-15T23:40:48.851+01:00  INFO 432229 --- [config-server] [           main] o.s.boot.tomcat.TomcatWebServer          : Tomcat initialized with port 8888 (https)
2026-05-15T23:40:48.860+01:00  INFO 432229 --- [config-server] [           main] o.apache.catalina.core.StandardService   : Starting service [Tomcat]
2026-05-15T23:40:48.861+01:00  INFO 432229 --- [config-server] [           main] o.apache.catalina.core.StandardEngine    : Starting Servlet engine: [Apache Tomcat/11.0.21]
2026-05-15T23:40:48.886+01:00  INFO 432229 --- [config-server] [           main] b.w.c.s.WebApplicationContextInitializer : Root WebApplicationContext: initialization completed in 789 ms
2026-05-15T23:40:49.065+01:00  INFO 432229 --- [config-server] [           main] r$InitializeUserDetailsManagerConfigurer : Global AuthenticationManager configured with UserDetailsService bean with name userDetailsService
2026-05-15T23:40:49.458+01:00  INFO 432229 --- [config-server] [           main] o.s.b.a.e.web.EndpointLinksResolver      : Exposing 1 endpoint beneath base path '/actuator'
2026-05-15T23:40:49.583+01:00  INFO 432229 --- [config-server] [           main] o.a.t.util.net.NioEndpoint.certificate   : Connector [https-jsse-nio-8888], TLS virtual host [_default_], certificate type [UNDEFINED] configured from keystore [Set directly - location unknown] using alias [config-server] with trust store [null]
2026-05-15T23:40:49.589+01:00  INFO 432229 --- [config-server] [           main] o.s.boot.tomcat.TomcatWebServer          : Tomcat started on port 8888 (https) with context path '/'
2026-05-15T23:40:49.597+01:00  INFO 432229 --- [config-server] [           main] c.f.c.ConfigServerApplication            : Started ConfigServerApplication in 1.778 seconds (process running for 2.051)
2026-05-15T23:40:52.032+01:00  INFO 432229 --- [config-server] [nio-8888-exec-5] o.a.c.c.C.[Tomcat].[localhost].[/]       : Initializing Spring DispatcherServlet 'dispatcherServlet'
2026-05-15T23:40:52.032+01:00  INFO 432229 --- [config-server] [nio-8888-exec-5] o.s.web.servlet.DispatcherServlet        : Initializing Servlet 'dispatcherServlet'
2026-05-15T23:40:52.033+01:00  INFO 432229 --- [config-server] [nio-8888-exec-5] o.s.web.servlet.DispatcherServlet        : Completed initialization in 1 ms
2026-05-15T23:40:52.077+01:00  INFO 432229 --- [config-server] [nio-8888-exec-5] o.s.c.c.s.e.NativeEnvironmentRepository  : Adding property source: Config resource 'file [/home/laxuard/1337/Microservices/config-repo/application.yaml]' via location 'file:/home/laxuard/1337/Microservices/config-repo/'
2026-05-15T23:40:54.888+01:00  INFO 432229 --- [config-server] [nio-8888-exec-4] o.s.c.c.s.e.NativeEnvironmentRepository  : Adding property source: Config resource 'file [/home/laxuard/1337/Microservices/config-repo/application-dev.yaml]' via location 'file:/home/laxuard/1337/Microservices/config-repo/'
2026-05-15T23:40:54.888+01:00  INFO 432229 --- [config-server] [nio-8888-exec-4] o.s.c.c.s.e.NativeEnvironmentRepository  : Adding property source: Config resource 'file [/home/laxuard/1337/Microservices/config-repo/eureka-server/eureka-server.yaml]' via location 'file:/home/laxuard/1337/Microservices/config-repo/eureka-server/'
2026-05-15T23:40:54.888+01:00  INFO 432229 --- [config-server] [nio-8888-exec-4] o.s.c.c.s.e.NativeEnvironmentRepository  : Adding property source: Config resource 'file [/home/laxuard/1337/Microservices/config-repo/application.yaml]' via location 'file:/home/laxuard/1337/Microservices/config-repo/'
2026-05-15T23:40:54.977+01:00  INFO 432229 --- [config-server] [io-8888-exec-10] o.s.c.c.s.e.NativeEnvironmentRepository  : Adding property source: Config resource 'file [/home/laxuard/1337/Microservices/config-repo/eureka-server/eureka-server.yaml]' via location 'file:/home/laxuard/1337/Microservices/config-repo/eureka-server/'
2026-05-15T23:40:54.977+01:00  INFO 432229 --- [config-server] [io-8888-exec-10] o.s.c.c.s.e.NativeEnvironmentRepository  : Adding property source: Config resource 'file [/home/laxuard/1337/Microservices/config-repo/application.yaml]' via location 'file:/home/laxuard/1337/Microservices/config-repo/'
2026-05-15T23:41:00.832+01:00  INFO 432229 --- [config-server] [nio-8888-exec-9] o.s.c.c.s.e.NativeEnvironmentRepository  : Adding property source: Config resource 'file [/home/laxuard/1337/Microservices/config-repo/gateway/gateway-dev.yaml]' via location 'file:/home/laxuard/1337/Microservices/config-repo/gateway/'
2026-05-15T23:41:00.832+01:00  INFO 432229 --- [config-server] [nio-8888-exec-9] o.s.c.c.s.e.NativeEnvironmentRepository  : Adding property source: Config resource 'file [/home/laxuard/1337/Microservices/config-repo/application-dev.yaml]' via location 'file:/home/laxuard/1337/Microservices/config-repo/'
2026-05-15T23:41:00.832+01:00  INFO 432229 --- [config-server] [nio-8888-exec-9] o.s.c.c.s.e.NativeEnvironmentRepository  : Adding property source: Config resource 'file [/home/laxuard/1337/Microservices/config-repo/gateway/gateway.yaml]' via location 'file:/home/laxuard/1337/Microservices/config-repo/gateway/'
2026-05-15T23:41:00.832+01:00  INFO 432229 --- [config-server] [nio-8888-exec-9] o.s.c.c.s.e.NativeEnvironmentRepository  : Adding property source: Config resource 'file [/home/laxuard/1337/Microservices/config-repo/application.yaml]' via location 'file:/home/laxuard/1337/Microservices/config-repo/'
2026-05-15T23:41:00.922+01:00  INFO 432229 --- [config-server] [nio-8888-exec-5] o.s.c.c.s.e.NativeEnvironmentRepository  : Adding property source: Config resource 'file [/home/laxuard/1337/Microservices/config-repo/gateway/gateway.yaml]' via location 'file:/home/laxuard/1337/Microservices/config-repo/gateway/'
2026-05-15T23:41:00.922+01:00  INFO 432229 --- [config-server] [nio-8888-exec-5] o.s.c.c.s.e.NativeEnvironmentRepository  : Adding property source: Config resource 'file [/home/laxuard/1337/Microservices/config-repo/application.yaml]' via location 'file:/home/laxuard/1337/Microservices/config-repo/'
2026-05-15T23:41:07.181+01:00  INFO 432229 --- [config-server] [nio-8888-exec-4] o.s.c.c.s.e.NativeEnvironmentRepository  : Adding property source: Config resource 'file [/home/laxuard/1337/Microservices/config-repo/auth-service/auth-service-dev.yaml]' via location 'file:/home/laxuard/1337/Microservices/config-repo/auth-service/'
2026-05-15T23:41:07.181+01:00  INFO 432229 --- [config-server] [nio-8888-exec-4] o.s.c.c.s.e.NativeEnvironmentRepository  : Adding property source: Config resource 'file [/home/laxuard/1337/Microservices/config-repo/application-dev.yaml]' via location 'file:/home/laxuard/1337/Microservices/config-repo/'
2026-05-15T23:41:07.181+01:00  INFO 432229 --- [config-server] [nio-8888-exec-4] o.s.c.c.s.e.NativeEnvironmentRepository  : Adding property source: Config resource 'file [/home/laxuard/1337/Microservices/config-repo/auth-service/auth-service.yaml]' via location 'file:/home/laxuard/1337/Microservices/config-repo/auth-service/'
2026-05-15T23:41:07.182+01:00  INFO 432229 --- [config-server] [nio-8888-exec-4] o.s.c.c.s.e.NativeEnvironmentRepository  : Adding property source: Config resource 'file [/home/laxuard/1337/Microservices/config-repo/application.yaml]' via location 'file:/home/laxuard/1337/Microservices/config-repo/'
2026-05-15T23:41:07.261+01:00  INFO 432229 --- [config-server] [io-8888-exec-10] o.s.c.c.s.e.NativeEnvironmentRepository  : Adding property source: Config resource 'file [/home/laxuard/1337/Microservices/config-repo/auth-service/auth-service.yaml]' via location 'file:/home/laxuard/1337/Microservices/config-repo/auth-service/'
2026-05-15T23:41:07.261+01:00  INFO 432229 --- [config-server] [io-8888-exec-10] o.s.c.c.s.e.NativeEnvironmentRepository  : Adding property source: Config resource 'file [/home/laxuard/1337/Microservices/config-repo/application.yaml]' via location 'file:/home/laxuard/1337/Microservices/config-repo/'
2026-05-15T23:41:38.793+01:00  INFO 432229 --- [config-server] [ionShutdownHook] o.s.boot.tomcat.GracefulShutdown         : Commencing graceful shutdown. Waiting for active requests to complete
2026-05-15T23:41:38.796+01:00  INFO 432229 --- [config-server] [tomcat-shutdown] o.s.boot.tomcat.GracefulShutdown         : Graceful shutdown complete
[INFO] Scanning for projects...
[INFO] 
[INFO] -----------------< com.ft_transcendence:config-server >-----------------
[INFO] Building config-server 0.0.1-SNAPSHOT
[INFO]   from pom.xml
[INFO] --------------------------------[ jar ]---------------------------------
[INFO] 
[INFO] >>> spring-boot:4.0.6:run (default-cli) > test-compile @ config-server >>>
[INFO] 
[INFO] --- resources:3.3.1:resources (default-resources) @ config-server ---
[INFO] Copying 3 resources from src/main/resources to target/classes
[INFO] Copying 0 resource from src/main/resources to target/classes
[INFO] 
[INFO] --- compiler:3.14.1:compile (default-compile) @ config-server ---
[INFO] Nothing to compile - all classes are up to date.
[INFO] 
[INFO] --- resources:3.3.1:testResources (default-testResources) @ config-server ---
[INFO] skip non existing resourceDirectory /home/laxuard/1337/Microservices/config-server/src/test/resources
[INFO] 
[INFO] --- compiler:3.14.1:testCompile (default-testCompile) @ config-server ---
[INFO] Nothing to compile - all classes are up to date.
[INFO] 
[INFO] <<< spring-boot:4.0.6:run (default-cli) < test-compile @ config-server <<<
[INFO] 
[INFO] 
[INFO] --- spring-boot:4.0.6:run (default-cli) @ config-server ---
[INFO] Attaching agents: []

  .   ____          _            __ _ _
 /\\ / ___'_ __ _ _(_)_ __  __ _ \ \ \ \
( ( )\___ | '_ | '_| | '_ \/ _` | \ \ \ \
 \\/  ___)| |_)| | | | | || (_| |  ) ) ) )
  '  |____| .__|_| |_|_| |_\__, | / / / /
 =========|_|==============|___/=/_/_/_/

 :: Spring Boot ::                (v4.0.6)

2026-05-15T23:41:45.923+01:00  INFO 434928 --- [config-server] [           main] c.f.c.ConfigServerApplication            : Starting ConfigServerApplication using Java 25.0.3 with PID 434928 (/home/laxuard/1337/Microservices/config-server/target/classes started by laxuard in /home/laxuard/1337/Microservices/config-server)
2026-05-15T23:41:45.924+01:00  INFO 434928 --- [config-server] [           main] c.f.c.ConfigServerApplication            : The following 2 profiles are active: "native", "dev"
2026-05-15T23:41:46.498+01:00  INFO 434928 --- [config-server] [           main] o.s.cloud.context.scope.GenericScope     : BeanFactory id=c0cfc4d4-2798-3d97-a7a8-964b5ab0fc5c
2026-05-15T23:41:46.696+01:00  INFO 434928 --- [config-server] [           main] o.s.boot.tomcat.TomcatWebServer          : Tomcat initialized with port 8888 (https)
2026-05-15T23:41:46.710+01:00  INFO 434928 --- [config-server] [           main] o.apache.catalina.core.StandardService   : Starting service [Tomcat]
2026-05-15T23:41:46.710+01:00  INFO 434928 --- [config-server] [           main] o.apache.catalina.core.StandardEngine    : Starting Servlet engine: [Apache Tomcat/11.0.21]
2026-05-15T23:41:46.736+01:00  INFO 434928 --- [config-server] [           main] b.w.c.s.WebApplicationContextInitializer : Root WebApplicationContext: initialization completed in 787 ms
2026-05-15T23:41:46.909+01:00  INFO 434928 --- [config-server] [           main] r$InitializeUserDetailsManagerConfigurer : Global AuthenticationManager configured with UserDetailsService bean with name userDetailsService
2026-05-15T23:41:47.270+01:00  INFO 434928 --- [config-server] [           main] o.s.b.a.e.web.EndpointLinksResolver      : Exposing 1 endpoint beneath base path '/actuator'
2026-05-15T23:41:47.387+01:00  INFO 434928 --- [config-server] [           main] o.a.t.util.net.NioEndpoint.certificate   : Connector [https-jsse-nio-8888], TLS virtual host [_default_], certificate type [UNDEFINED] configured from keystore [Set directly - location unknown] using alias [config-server] with trust store [null]
2026-05-15T23:41:47.393+01:00  INFO 434928 --- [config-server] [           main] o.s.boot.tomcat.TomcatWebServer          : Tomcat started on port 8888 (https) with context path '/'
2026-05-15T23:41:47.401+01:00  INFO 434928 --- [config-server] [           main] c.f.c.ConfigServerApplication            : Started ConfigServerApplication in 1.74 seconds (process running for 2.002)
2026-05-15T23:41:49.776+01:00  INFO 434928 --- [config-server] [nio-8888-exec-5] o.a.c.c.C.[Tomcat].[localhost].[/]       : Initializing Spring DispatcherServlet 'dispatcherServlet'
2026-05-15T23:41:49.776+01:00  INFO 434928 --- [config-server] [nio-8888-exec-5] o.s.web.servlet.DispatcherServlet        : Initializing Servlet 'dispatcherServlet'
2026-05-15T23:41:49.777+01:00  INFO 434928 --- [config-server] [nio-8888-exec-5] o.s.web.servlet.DispatcherServlet        : Completed initialization in 1 ms
2026-05-15T23:41:49.822+01:00  INFO 434928 --- [config-server] [nio-8888-exec-5] o.s.c.c.s.e.NativeEnvironmentRepository  : Adding property source: Config resource 'file [/home/laxuard/1337/Microservices/config-repo/application.yaml]' via location 'file:/home/laxuard/1337/Microservices/config-repo/'
2026-05-15T23:42:17.157+01:00  INFO 434928 --- [config-server] [ionShutdownHook] o.s.boot.tomcat.GracefulShutdown         : Commencing graceful shutdown. Waiting for active requests to complete
2026-05-15T23:42:17.159+01:00  INFO 434928 --- [config-server] [tomcat-shutdown] o.s.boot.tomcat.GracefulShutdown         : Graceful shutdown complete
[INFO] Scanning for projects...
[INFO] 
[INFO] -----------------< com.ft_transcendence:config-server >-----------------
[INFO] Building config-server 0.0.1-SNAPSHOT
[INFO]   from pom.xml
[INFO] --------------------------------[ jar ]---------------------------------
[INFO] 
[INFO] >>> spring-boot:4.0.6:run (default-cli) > test-compile @ config-server >>>
[INFO] 
[INFO] --- resources:3.3.1:resources (default-resources) @ config-server ---
[INFO] Copying 3 resources from src/main/resources to target/classes
[INFO] Copying 0 resource from src/main/resources to target/classes
[INFO] 
[INFO] --- compiler:3.14.1:compile (default-compile) @ config-server ---
[INFO] Nothing to compile - all classes are up to date.
[INFO] 
[INFO] --- resources:3.3.1:testResources (default-testResources) @ config-server ---
[INFO] skip non existing resourceDirectory /home/laxuard/1337/Microservices/config-server/src/test/resources
[INFO] 
[INFO] --- compiler:3.14.1:testCompile (default-testCompile) @ config-server ---
[INFO] Nothing to compile - all classes are up to date.
[INFO] 
[INFO] <<< spring-boot:4.0.6:run (default-cli) < test-compile @ config-server <<<
[INFO] 
[INFO] 
[INFO] --- spring-boot:4.0.6:run (default-cli) @ config-server ---
[INFO] Attaching agents: []
